2026-07-20 11:25:13,572 INFO app.strategy.registry: 注册策略: trend_1h v1.0.0
2026-07-20 11:25:13,572 INFO app.strategy.registry: 注册策略: range_15m v1.0.0
2026-07-20 11:25:13,573 INFO app.indicator.registry: 注册指标: dmi v1.0.0
2026-07-20 11:25:13,573 INFO app.indicator.registry: 注册指标: adx v1.0.0
2026-07-20 11:25:13,573 INFO app.indicator.registry: 注册指标: pm v1.0.0
2026-07-20 11:25:13,573 INFO app.indicator.registry: 注册指标: kdj v1.0.0
2026-07-20 11:25:13,573 INFO app.indicator.registry: 注册指标: dc v1.0.0
2026-07-20 11:25:13,573 INFO app.indicator.registry: 注册指标: atr v1.0.0
2026-07-20 11:25:13,573 INFO app.indicator.registry: 注册指标: autocorr v1.0.0
2026-07-20 11:25:13,573 INFO app.indicator.registry: 注册指标: bollinger v1.0.0
2026-07-20 11:25:15,476 INFO app.bootstrap: 收到 MasterAccount: master 余额=68475.2395661 持仓=0 杠杆=1
2026-07-20 11:25:15,477 INFO app.bootstrap: 收到 Symbol: BTC/USDT market=spot → BTC/USDT@1h
2026-07-20 11:25:15,477 INFO app.bootstrap: 构建 Channel: e5c89dce-f16d-46fc-83f9-f15f40aea527 [BTC/USDT@1h]
2026-07-20 11:25:15,477 INFO app.bootstrap: 收到 Symbol: BTC/USDT market=spot → BTC/USDT@15m
2026-07-20 11:25:15,478 INFO app.bootstrap: 构建 Channel: d05d0b3d-a68e-4ac3-8f64-df9752233e50 [BTC/USDT@15m]
2026-07-20 11:25:15,857 INFO app.monitor.monitor: 监控器已启动: http://0.0.0.0:8080
ERROR:    [Errno 10048] error while attempting to bind on address ('0.0.0.0', 8080): [winerror 10048] 通常每个套接字地址(协议/网络地址/端口)只允许使用一次。
交易所: binance (sandbox) proxy=off
channels: 2  监控器: http://localhost:8080
  GET /ui         前端监控面板（推荐）
  GET /            总览 JSON
  GET /channels    channel 列表
  GET /channels/{cid}  单 channel 详情
  GET /channels/{cid}/signals?limit=5  历史信号
  GET /master      主账号
按 Ctrl+C 退出
2026-07-20 11:25:16,253 ERROR asyncio: Task exception was never retrieved
future: <Task finished name='Task-19' coro=<serve() done, defined at C:\Users\Administrator\Desktop\simplequan\app\monitor\server.py:78> exception=SystemExit(1)>
Traceback (most recent call last):
  File "C:\Users\Administrator\miniconda3\Lib\site-packages\uvicorn\server.py", line 162, in startup
    server = await loop.create_server(
             ^^^^^^^^^^^^^^^^^^^^^^^^^
    ...<5 lines>...
    )
    ^
  File "C:\Users\Administrator\miniconda3\Lib\asyncio\base_events.py", line 1630, in create_server
    raise OSError(err.errno, msg) from None
OSError: [Errno 10048] error while attempting to bind on address ('0.0.0.0', 8080): [winerror 10048] 通常每个套接字地址(协议/网络地址/端口)只允许使用一次。

During handling of the above exception, another exception occurred:

Traceback (most recent call last):
  File "C:\Users\Administrator\Desktop\simplequan\main.py", line 136, in <module>
    asyncio.run(main())
    ~~~~~~~~~~~^^^^^^^^
  File "C:\Users\Administrator\miniconda3\Lib\asyncio\runners.py", line 195, in run
    return runner.run(main)
           ~~~~~~~~~~^^^^^^
  File "C:\Users\Administrator\miniconda3\Lib\asyncio\runners.py", line 118, in run
    return self._loop.run_until_complete(task)
           ~~~~~~~~~~~~~~~~~~~~~~~~~~~~~^^^^^^
  File "C:\Users\Administrator\miniconda3\Lib\asyncio\base_events.py", line 712, in run_until_complete
    self.run_forever()
    ~~~~~~~~~~~~~~~~^^
  File "C:\Users\Administrator\miniconda3\Lib\asyncio\base_events.py", line 683, in run_forever
    self._run_once()
    ~~~~~~~~~~~~~~^^
  File "C:\Users\Administrator\miniconda3\Lib\asyncio\base_events.py", line 2050, in _run_once
    handle._run()
    ~~~~~~~~~~~^^
  File "C:\Users\Administrator\miniconda3\Lib\asyncio\events.py", line 89, in _run
    self._context.run(self._callback, *self._args)
    ~~~~~~~~~~~~~~~~~^^^^^^^^^^^^^^^^^^^^^^^^^^^^^
  File "C:\Users\Administrator\Desktop\simplequan\app\monitor\server.py", line 83, in serve
    await server.serve()
  File "C:\Users\Administrator\miniconda3\Lib\site-packages\uvicorn\server.py", line 69, in serve
    await self._serve(sockets)
  File "C:\Users\Administrator\miniconda3\Lib\site-packages\uvicorn\server.py", line 84, in _serve
    await self.startup(sockets=sockets)
  File "C:\Users\Administrator\miniconda3\Lib\site-packages\uvicorn\server.py", line 172, in startup
    sys.exit(1)
    ~~~~~~~~^^^
SystemExit: 1
